// Jest Snapshot v1, https://goo.gl/fbAQLP

exports[`App component should render App component 1`] = `
Object {
  "asFragment": [Function],
  "baseElement": <body>
    <div>
      <div
        class="app"
      >
        <header
          class="app-header"
        >
          <h1>
            Calculator
          </h1>
        </header>
        <div
          class="calculator container"
        >
          <div
            class="themes"
          >
            <i
              aria-hidden="true"
              class="fa fa-moon-o"
            />
          </div>
          <div
            class="display-wrapper"
          >
            <div
              class="display-history"
            >
              <span
                class="display-last_value"
              />
            </div>
            <div
              class="display-value"
            />
            <div
              class="display-equal"
            >
              = 0
            </div>
          </div>
          <div
            class="buttons-wrapper"
          >
            <div
              class="row"
            >
              <button
                class="btn symbol"
              >
                C
              </button>
              <button
                class="btn delete-icon_button"
              >
                <img
                  alt="delete"
                  class="delete-icon"
                  src="/icons/delete.png"
                />
              </button>
              <button
                class="btn symbol"
              >
                %
              </button>
              <button
                class="btn symbol large"
              >
                ÷
              </button>
            </div>
            <div
              class="row"
            >
              <button
                class="btn number"
              >
                7
              </button>
              <button
                class="btn number"
              >
                8
              </button>
              <button
                class="btn number"
              >
                9
              </button>
              <button
                class="btn symbol large"
              >
                ×
              </button>
            </div>
            <div
              class="row"
            >
              <button
                class="btn number"
              >
                4
              </button>
              <button
                class="btn number"
              >
                5
              </button>
              <button
                class="btn number"
              >
                6
              </button>
              <button
                class="btn symbol large"
              >
                −
              </button>
            </div>
            <div
              class="row"
            >
              <button
                class="btn number"
              >
                1
              </button>
              <button
                class="btn number"
              >
                2
              </button>
              <button
                class="btn number"
              >
                3
              </button>
              <button
                class="btn symbol large"
              >
                +
              </button>
            </div>
            <div
              class="row"
            >
              <button
                class="btn number"
              >
                <i
                  aria-hidden="true"
                  class="fa fa-history"
                />
              </button>
              <button
                class="btn number"
              >
                0
              </button>
              <button
                class="btn number"
              >
                .
              </button>
              <div
                class="equally-wrapper"
              >
                <div
                  class="btn equally"
                >
                  =
                </div>
              </div>
            </div>
          </div>
        </div>
      </div>
    </div>
  </body>,
  "container": <div>
    <div
      class="app"
    >
      <header
        class="app-header"
      >
        <h1>
          Calculator
        </h1>
      </header>
      <div
        class="calculator container"
      >
        <div
          class="themes"
        >
          <i
            aria-hidden="true"
            class="fa fa-moon-o"
          />
        </div>
        <div
          class="display-wrapper"
        >
          <div
            class="display-history"
          >
            <span
              class="display-last_value"
            />
          </div>
          <div
            class="display-value"
          />
          <div
            class="display-equal"
          >
            = 0
          </div>
        </div>
        <div
          class="buttons-wrapper"
        >
          <div
            class="row"
          >
            <button
              class="btn symbol"
            >
              C
            </button>
            <button
              class="btn delete-icon_button"
            >
              <img
                alt="delete"
                class="delete-icon"
                src="/icons/delete.png"
              />
            </button>
            <button
              class="btn symbol"
            >
              %
            </button>
            <button
              class="btn symbol large"
            >
              ÷
            </button>
          </div>
          <div
            class="row"
          >
            <button
              class="btn number"
            >
              7
            </button>
            <button
              class="btn number"
            >
              8
            </button>
            <button
              class="btn number"
            >
              9
            </button>
            <button
              class="btn symbol large"
            >
              ×
            </button>
          </div>
          <div
            class="row"
          >
            <button
              class="btn number"
            >
              4
            </button>
            <button
              class="btn number"
            >
              5
            </button>
            <button
              class="btn number"
            >
              6
            </button>
            <button
              class="btn symbol large"
            >
              −
            </button>
          </div>
          <div
            class="row"
          >
            <button
              class="btn number"
            >
              1
            </button>
            <button
              class="btn number"
            >
              2
            </button>
            <button
              class="btn number"
            >
              3
            </button>
            <button
              class="btn symbol large"
            >
              +
            </button>
          </div>
          <div
            class="row"
          >
            <button
              class="btn number"
            >
              <i
                aria-hidden="true"
                class="fa fa-history"
              />
            </button>
            <button
              class="btn number"
            >
              0
            </button>
            <button
              class="btn number"
            >
              .
            </button>
            <div
              class="equally-wrapper"
            >
              <div
                class="btn equally"
              >
                =
              </div>
            </div>
          </div>
        </div>
      </div>
    </div>
  </div>,
  "debug": [Function],
  "findAllByAltText": [Function],
  "findAllByDisplayValue": [Function],
  "findAllByLabelText": [Function],
  "findAllByPlaceholderText": [Function],
  "findAllByRole": [Function],
  "findAllByTestId": [Function],
  "findAllByText": [Function],
  "findAllByTitle": [Function],
  "findByAltText": [Function],
  "findByDisplayValue": [Function],
  "findByLabelText": [Function],
  "findByPlaceholderText": [Function],
  "findByRole": [Function],
  "findByTestId": [Function],
  "findByText": [Function],
  "findByTitle": [Function],
  "getAllByAltText": [Function],
  "getAllByDisplayValue": [Function],
  "getAllByLabelText": [Function],
  "getAllByPlaceholderText": [Function],
  "getAllByRole": [Function],
  "getAllByTestId": [Function],
  "getAllByText": [Function],
  "getAllByTitle": [Function],
  "getByAltText": [Function],
  "getByDisplayValue": [Function],
  "getByLabelText": [Function],
  "getByPlaceholderText": [Function],
  "getByRole": [Function],
  "getByTestId": [Function],
  "getByText": [Function],
  "getByTitle": [Function],
  "queryAllByAltText": [Function],
  "queryAllByDisplayValue": [Function],
  "queryAllByLabelText": [Function],
  "queryAllByPlaceholderText": [Function],
  "queryAllByRole": [Function],
  "queryAllByTestId": [Function],
  "queryAllByText": [Function],
  "queryAllByTitle": [Function],
  "queryByAltText": [Function],
  "queryByDisplayValue": [Function],
  "queryByLabelText": [Function],
  "queryByPlaceholderText": [Function],
  "queryByRole": [Function],
  "queryByTestId": [Function],
  "queryByText": [Function],
  "queryByTitle": [Function],
  "rerender": [Function],
  "unmount": [Function],
}
`;
